cat>grepFile.txt
wellcome
ubuntu
linux and unix commands grep 's/linux/LINUX/grepFile.txt
user@kokila:~$ grep 's/linux/LINUX/grepFile.txt
> 
bash: unexpected EOF while looking for matching `''
bash: syntax error: unexpected end of file
user@kokila:~$ grep 's/linux/LINUX/'grepFile.txt
user@kokila:~$ grep "linux" grepFile.text
grep: grepFile.text: No such file or directory
user@kokila:~$ grep "linux" grepFile.txt
linux and unix commands
user@kokila:~$ grep 's/linux/LINUX/' grepFile.txt
user@kokila:~$ grep -n "linux" grepFile.txt
3:linux and unix commands
user@kokila:~$ 
grep -o "linux" grepFile.txt                              //how many times repeating anything print that many times
linux
user@kokila:~$ grep -h "linux" grepFile.txt
linux and unix commands
user@kokila:~$ grep -v "linux" grepFile.txt              //command for  remove that sentance print rest of the sentance
wellcome
ubuntu
user@kokila:~$ grep -e "linux" grepFile.txt
linux and unix commands
user@kokila:~$ 
grep -c "linux" grepFile.txt                           //print no. of times searched element repeating
1
cat>month.txt
april   
may
june
july
august
user@kokila:~$ sort month.txt
april
august
july
june
may
user@kokila:~$ sort month.txt -n
april
august
july
june
may
user@kokila:~$ sort month -r
may
june
july
august
april
user@kokila:~$ sort month -r
may
june
july
august
april
user@kokila:~$ sort month -nr
may
june
july
august
april
user@kokila:~$ sed 's/may/MAY/' month.txt
april
MAY
june
july
august
user@kokila:~$ sed '4d' month.txt
april
may
june
august
user@kokila:~$ sed 's/linux/unix/2' grepFile.txt
wellcome
ubuntu
linux and unix commands
linux
user@kokila:~$ sed 's/r/2' grepFile.txt
sed: -e expression #1, char 5: unterminated `s' command
user@kokila:~$ sed 's/R/2' grepFile.txt
sed: -e expression #1, char 5: unterminated `s' command
user@kokila:~$ sed 's/linux/LINUX/g' grepFile.txt
wellcome
ubuntu
LINUX and unix commands
LINUX
user@kokila:~$ 
sed 's/R/r/g' grepFile.txt
wellcome
ubuntu
linux and unix commands
linux
user@kokila:~$ sed 's/u/U/g' grepFile.txt
wellcome
UbUntU
linUx and Unix commands
linUx
user@kokila:~$ sed 's/u/&&/g' grepFile.txt
wellcome
uubuuntuu
linuux and uunix commands
linuux
user@kokila:~$ sed 's/u/**/g' grepFile.txt
wellcome
**b**nt**
lin**x and **nix commands
lin**x
user@kokila:~$ sed 's/**/u/g' grepFile.txt
uwueululucuoumueu
uuubuuunutuuu
uluiunuuuxu uaunudu uuunuiuxu ucuoumumuaunudusu
uluiunuuuxu
shutdown -r +1
shutdown -r 15:05
shutdown -c
shutdown -r now


ftp & SHH 	SDF



cat>employee.txt
kokila ceo 1000000
spurthi softwaredeveloper 150000
sony resturantowner 7500000
user@kokila:~$ awk '{print&,$4}' employee.txt
awk: 1: unexpected character '&'
user@kokila:~$ awk '{print$,$4}' employee.txt
awk: line 1: syntax error at or near ,
user@kokila:~$ awk '{print$;$4}' employee.txt
awk: line 1: syntax error at or near ;
user@kokila:~$ awk '{print $,$4}' employee.txt
awk: line 1: syntax error at or near ,
user@kokila:~$ awk '{print $1,$3}' employee.txt
kokila 1000000
spurthi 150000
sony 7500000
user@kokila:~$ free m

Usage:
 free [options]

Options:
 -b, --bytes         show output in bytes
     --kilo          show output in kilobytes
     --mega          show output in megabytes
     --giga          show output in gigabytes
     --tera          show output in terabytes
     --peta          show output in petabytes
 -k, --kibi          show output in kibibytes
 -m, --mebi          show output in mebibytes
 -g, --gibi          show output in gibibytes
     --tebi          show output in tebibytes
     --pebi          show output in pebibytes
 -h, --human         show human-readable output
     --si            use powers of 1000 not 1024
 -l, --lohi          show detailed low and high memory statistics
 -t, --total         show total for RAM + swap
 -s N, --seconds N   repeat printing every N seconds
 -c N, --count N     repeat printing N times, then exit
 -w, --wide          wide output

     --help     display this help and exit
 -V, --version  output version information and exit

For more details see free(1).
user@kokila:~$ free m

Usage:
 free [options]

Options:
 -b, --bytes         show output in bytes
     --kilo          show output in kilobytes
     --mega          show output in megabytes
     --giga          show output in gigabytes
     --tera          show output in terabytes
     --peta          show output in petabytes
 -k, --kibi          show output in kibibytes
 -m, --mebi          show output in mebibytes
 -g, --gibi          show output in gibibytes
     --tebi          show output in tebibytes
     --pebi          show output in pebibytes
 -h, --human         show human-readable output
     --si            use powers of 1000 not 1024
 -l, --lohi          show detailed low and high memory statistics
 -t, --total         show total for RAM + swap
 -s N, --seconds N   repeat printing every N seconds
 -c N, --count N     repeat printing N times, then exit
 -w, --wide          wide output

     --help     display this help and exit
 -V, --version  output version information and exit

For more details see free(1).
user@kokila:~$ free m|awk '/mem/'

Usage:
 free [options]

Options:
 -b, --bytes         show output in bytes
     --kilo          show output in kilobytes
     --mega          show output in megabytes
     --giga          show output in gigabytes
     --tera          show output in terabytes
     --peta          show output in petabytes
 -k, --kibi          show output in kibibytes
 -m, --mebi          show output in mebibytes
 -g, --gibi          show output in gibibytes
     --tebi          show output in tebibytes
     --pebi          show output in pebibytes
 -h, --human         show human-readable output
     --si            use powers of 1000 not 1024
 -l, --lohi          show detailed low and high memory statistics
 -t, --total         show total for RAM + swap
 -s N, --seconds N   repeat printing every N seconds
 -c N, --count N     repeat printing N times, then exit
 -w, --wide          wide output

     --help     display this help and exit
 -V, --version  output version information and exit

For more details see free(1).
user@kokila:~$ awk '/Mem/{print}/' free -m
awk: line 1: runaway regular expression / ...
user@kokila:~$ ftp ftp://ftp.dlptest.com/
Connected to ftp.dlptest.com.
220 Welcome to the DLP Test FTP Server
331 Please specify the password.
530 Login incorrect.
ftp: Login failed
ftp: Can't connect or login to host `ftp.dlptest.com:ftp'
221 Goodbye.
user@kokila:~$ ftp ftp://ftp.dlptest.com/
Connected to ftp.dlptest.com.
220 Welcome to the DLP Test FTP Server
331 Please specify the password.
gdghdfg530 Login incorrect.
ftp: Login failed
ftp: Can't connect or login to host `ftp.dlptest.com:ftp'
hdfgghf221 Goodbye.
user@kokila:~$ ftp ftp.dlptest.com
Connected to ftp.dlptest.com.
220 Welcome to the DLP Test FTP Server
Name (ftp.dlptest.com:user): dlpuser
331 Please specify the password.
Password: 
230 Login successful.
Remote system type is UNIX.
Using binary mode to transfer files.
ftp> ls
229 Entering Extended Passive Mode (|||1050|).
150 Here comes the directory listing.
-rw-r--r--    1 1001     1001      3706128 Mar 26 10:21 HTTP_3m.xlsx
-rw-r--r--    1 1001     1001     52228952 Mar 26 10:21 HTTP_50m.xlsx
-rw-r--r--    1 1001     1001            0 Mar 26 10:25 actorstoday.txt
-rw-r--r--    1 1001     1001            0 Mar 26 10:25 actorstomorrow.txt
-rw-r--r--    1 1001     1001           17 Mar 26 10:22 catalogo_invelon.csv
-rw-r--r--    1 1001     1001     10874339 Mar 26 10:21 test.csv
-rw-r--r--    1 1001     1001         1510 Mar 26 10:23 test.txt
-rw-r--r--    1 1001     1001          144 Mar 26 10:20 test.zip
-rw-r--r--    1 1001     1001          969 Mar 26 10:21 민감정보.txt
226 Directory send OK.
ftp> ls actorstomorrow.txt
229 Entering Extended Passive Mode (|||1115|).
150 Here comes the directory listing.
-rw-r--r--    1 1001     1001            0 Mar 26 10:25 actorstomorrow.txt
226 Directory send OK.
ftp> get  actorstomorrow.txt
local: actorstomorrow.txt remote: actorstomorrow.txt
229 Entering Extended Passive Mode (|||1045|).
150 Opening BINARY mode data connection for actorstomorrow.txt (0 bytes).
     0        0.00 KiB/s 
226 Transfer complete.
ftp> exit
221 Goodbye.
user@kokila:~$ 
ssh sujoysarkar@tty.sdf.org
sujoysarkar@tty.sdf.org's password: 
[ 'sujoysarkar' will expire in 665 days - Please 'validate' your account soon ]

Please press your BACKSPACE key: 

=======================================================================
SDF host uptime report for Seattle WA, Dallas TX (USA) and Germany (EU)
             Please use 'tty.sdf.org' for general access
=======================================================================

SERVER          DAYS+HOUR:MIN       USERS   MACHINE LOAD
----------------------------------------------------------------------
9p             up  21+15:45,   11 users,  load:   0.00,   0.00,   0.00
aNONradio      up  179+7:36,   44 users,  load:   0.33,   0.23,   0.19
faeroes        up  61+09:43,  102  user,  load:   0.27,   0.13,   0.09
iceland        up  61+13:05,   57 users,  load:   1.87,   1.59,   1.60
jitsi          up  31+16:55,  791 users,  load:  10.71,   9.59,   9.66
ma             up   54+9:55,    0 users,  load:   4.00,   4.46,   4.63
matrix         up  52+13:27,  361 users,  load:   2.99,   2.62,   2.56
miku           up  61+13:03,    3 users,  load:   0.17,   0.07,   0.01
mx             up  61+10:05,  347 users,  load:   1.73,   1.56,   1.61
norge          up  61+09:40,   93 users,  load:   0.00,   0.02,   0.00
otaku          up  36+17:01,   45 users,  load:   0.34,   0.27,   0.19
pixelfed       up  181+2:33, 2055 users,  load:   0.38,   0.35,   0.30
rie            up  61+13:02,   90 users,  load:   1.47,   1.83,   1.68
ryo            up  61+12:44,   39 users,  load:   0.07,   0.12,   0.14
sdf            up  23+02:46,  144 users,  load:   2.04,   2.15,   2.01
sdfeu          up 627+07:06,   43 users,  load:   1.63,   1.65,   1.65
sverige        up  61+13:03,   10 users,  load:   0.17,   0.22,   0.26
unix50         up  179+7:35,   93 users,  load: 113.52, 113.88, 114.03
vps3           up 179+07:27,   49 users,  load:   5.70,   2.56,   1.33
vps9           up 180+17:54,   17 users,  load:   5.99,   5.29,   3.21
                             4394 total
(continue)
The Moon is Waning Gibbous (99% of Full)
                 .------------.
             .--'  o     . .   `--.
          .-'   .    O   .       . `-.
       .-'@   @@@@@@@   .  @@@@@      `-
      /@@@  @@@@@@@@@@@   @@@@@@@   .    \
    ./    o @@@@@@@@@@@   @@@@@@@       . \
   /@@  o   @@@@@@@@@@@.   @@@@@@@   O      
  /@@@@   .   @@@@@@@o    @@@@@@@@@@     @@@ 
  |@@@@@               . @@@@@@@@@@@@@ o @@@@|
 /@@@@@  O  `.-./  .      @@@@@@@@@@@@    @@     Full Moon +    
 | @@@@    --`-'       o     @@@@@@@@ @@@@       1  3:58:39
 |@ @@@        `    o      .  @@   . @@@@@@@     Last Quarter - 
 |       @@  @         .-.     @@@   @@@@@@@     6 16:15:33
 \  . @        @@@     `-'   . @@@@   @@@@  o 
  |      @@   @@@@@ .           @@   .       |
  \     @@@@  @\@@    /  .  O    .     o   . 
   \  o  @@     \ \  /         .    .       
    `\     .    .\.-.___   .      .   .-. /
      \           `-'                `-' /
       `-.   o   / |     o    O   .   .-
          `-.   /     .       .    .-'
             `--.       .      .--'
                 `------------'
(continue)
[10-Mar-24 20:41:10  pizzapal            pizzapal                 indianapolis]
% i'm guix-curious (i use guile for a lot of things already) but never had much luck running the package manager alone on debian and haven't gotten to install guix system yet
 -=-=-=-=-=-=-=-=-=-=-=-=-=-=-=-=-=-=-=-=-=-=-=-=-=-=-=-=-=-=-=-=-=-=-=-=-=-=-
[12-Mar-24 23:55:30 lycanthropene       axonohydrolia                  outer space]
% Casino owners don't want you to know this one special trick…
 -=-=-=-=-=-=-=-=-=-=-=-=-=-=-=-=-=-=-=-=-=-=-=-=-=-=-=-=-=-=-=-=-=-=-=-=-=-=-
[16-Mar-24 14:56:52    lohang              LohanG                    Sri Lanka]
% Happy weekend SDF :)
 -=-=-=-=-=-=-=-=-=-=-=-=-=-=-=-=-=-=-=-=-=-=-=-=-=-=-=-=-=-=-=-=-=-=-=-=-=-=-
[17-Mar-24 00:29:41    neural              neural                        Italy]
% Saying hello from Italy! ;)
 -=-=-=-=-=-=-=-=-=-=-=-=-=-=-=-=-=-=-=-=-=-=-=-=-=-=-=-=-=-=-=-=-=-=-=-=-=-=-
[17-Mar-24 01:59:32        tf                 Tom                  Connecticut]
% Ciao!
 -=-=-=-=-=-=-=-=-=-=-=-=-=-=-=-=-=-=-=-=-=-=-=-=-=-=-=-=-=-=-=-=-=-=-=-=-=-=-
[18-Mar-24 03:26:29 rodiongork              Rodion                    st-Pete's]
% From Italy? L'Italiano vero? or guesting there? drop a message at bboard!
 -=-=-=-=-=-=-=-=-=-=-=-=-=-=-=-=-=-=-=-=-=-=-=-=-=-=-=-=-=-=-=-=-=-=-=-=-=-=-
[19-Mar-24 20:56:14  amedrado       Adler Medrado            Sao Paulo, Brazil]
% Hello friends.
 -=-=-=-=-=-=-=-=-=-=-=-=-=-=-=-=-=-=-=-=-=-=-=-=-=-=-=-=-=-=-=-=-=-=-=-=-=-=-
[20-Mar-24 07:10:17 burgertron               Grant                   Denton, TX]
% Checking in again, what's up gamers?
 -=-=-=-=-=-=-=-=-=-=-=-=-=-=-=-=-=-=-=-=-=-=-=-=-=-=-=-=-=-=-=-=-=-=-=-=-=-=-
[20-Mar-24 14:05:53  somedude            somedude                Flin Flon, MB]
% Been playing cataclysmdda again. Having a blast.
 -=-=-=-=-=-=-=-=-=-=-=-=-=-=-=-=-=-=-=-=-=-=-=-=-=-=-=-=-=-=-=-=-=-=-=-=-=-=-
[20-Mar-24 21:25:46     kosan               Kosan                      Germany]
% Wishing a happy Newroz to those who celebrate it! ^^
 -=-=-=-=-=-=-=-=-=-=-=-=-=-=-=-=-=-=-=-=-=-=-=-=-=-=-=-=-=-=-=-=-=-=-=-=-=-=-
[22-Mar-24 05:36:16     sh0rk               sh0rk            GA, United States]
% hey guys, im new to doing unix and stuff but this is really cool and i like using it! how yall doing?
 -=-=-=-=-=-=-=-=-=-=-=-=-=-=-=-=-=-=-=-=-=-=-=-=-=-=-=-=-=-=-=-=-=-=-=-=-=-=-
[22-Mar-24 11:31:20 rodiongork              Rodion                    St-Pete's]
% Hi Sh0rk, we are fine, thanks, don't miss "bboard" and feel free to tell more about how you come here :)
 -=-=-=-=-=-=-=-=-=-=-=-=-=-=-=-=-=-=-=-=-=-=-=-=-=-=-=-=-=-=-=-=-=-=-=-=-=-=-
[22-mar-24 13:22:19     peron         Juan Perón             Puerta de Hierro]
% The PSU may get energized, but the real power grows out from the Ethernet port.
 -=-=-=-=-=-=-=-=-=-=-=-=-=-=-=-=-=-=-=-=-=-=-=-=-=-=-=-=-=-=-=-=-=-=-=-=-=-=-
[22-Mar-24 17:13:26 naterator           naterator               Frisco, TX, US]
% Hi from Frisco! Thanks for being awesome, SDF!
 -=-=-=-=-=-=-=-=-=-=-=-=-=-=-=-=-=-=-=-=-=-=-=-=-=-=-=-=-=-=-=-=-=-=-=-=-=-=-
[23-Mar-24 13:47:00  claudiom            ClaudioM           Homestead, FL, USA]
% WelCOM, sh0rk! Be sure to hop on COM as well and say hi in the aNONradio room! o/
 -=-=-=-=-=-=-=-=-=-=-=-=-=-=-=-=-=-=-=-=-=-=-=-=-=-=-=-=-=-=-=-=-=-=-=-=-=-=-
[25-Mar-24 18:17:35 lycanthropene          weretomato                    NERV Alba]
% Everyone gets hugged and turns into Irn-Bru.
 -=-=-=-=-=-=-=-=-=-=-=-=-=-=-=-=-=-=-=-=-=-=-=-=-=-=-=-=-=-=-=-=-=-=-=-=-=-=-
[26-Mar-24 08:52:49 tusharhero          tusharhero                             ]
% Hey guys, checkout my new blog https://tusharhero.codeberg.page/ Any feedback would be appreciated ^^
7735 guestbook entries.

Type 'help' for Commands.
Type 'com' to chat with other users.
Type 'ttytter' to listen to Twitter Tweets anonymously.
Type 'mud' to play the SDFmud.
Type 'mkhomepg' to set up your personal website.

Did you know you can become a permanent LIFETIME member of SDF
by making a onetime donation of $36?  Type 'arpa' for more info!

rie:/sdf/udd/s/sujoysarkar> ls                                  
.          ..         .cshrc     .history   .login     .logout    .shrc      .signature abc        c4         dir1       dir2
rie:/sdf/udd/s/sujoysarkar> 
ssh sujoysarkar@tty.sdf.org
sujoysarkar@tty.sdf.org's password: 
[ 'sujoysarkar' will expire in 665 days - Please 'validate' your account soon ]

Please press your BACKSPACE key: 

=======================================================================
SDF host uptime report for Seattle WA, Dallas TX (USA) and Germany (EU)
             Please use 'tty.sdf.org' for general access
=======================================================================

SERVER          DAYS+HOUR:MIN       USERS   MACHINE LOAD
----------------------------------------------------------------------
9p             up  21+15:45,   11 users,  load:   0.00,   0.00,   0.00
aNONradio      up  179+7:36,   44 users,  load:   0.33,   0.23,   0.19
faeroes        up  61+09:43,  102  user,  load:   0.27,   0.13,   0.09
iceland        up  61+13:05,   57 users,  load:   1.87,   1.59,   1.60
jitsi          up  31+16:55,  791 users,  load:  10.71,   9.59,   9.66
ma             up   54+9:55,    0 users,  load:   4.00,   4.46,   4.63
matrix         up  52+13:27,  361 users,  load:   2.99,   2.62,   2.56
miku           up  61+13:03,    3 users,  load:   0.17,   0.07,   0.01
mx             up  61+10:05,  347 users,  load:   1.73,   1.56,   1.61
norge          up  61+09:40,   93 users,  load:   0.00,   0.02,   0.00
otaku          up  36+17:01,   45 users,  load:   0.34,   0.27,   0.19
pixelfed       up  181+2:33, 2055 users,  load:   0.38,   0.35,   0.30
rie            up  61+13:02,   90 users,  load:   1.47,   1.83,   1.68
ryo            up  61+12:44,   39 users,  load:   0.07,   0.12,   0.14
sdf            up  23+02:46,  144 users,  load:   2.04,   2.15,   2.01
sdfeu          up 627+07:06,   43 users,  load:   1.63,   1.65,   1.65
sverige        up  61+13:03,   10 users,  load:   0.17,   0.22,   0.26
unix50         up  179+7:35,   93 users,  load: 113.52, 113.88, 114.03
vps3           up 179+07:27,   49 users,  load:   5.70,   2.56,   1.33
vps9           up 180+17:54,   17 users,  load:   5.99,   5.29,   3.21
                             4394 total
(continue)
The Moon is Waning Gibbous (99% of Full)
                 .------------.
             .--'  o     . .   `--.
          .-'   .    O   .       . `-.
       .-'@   @@@@@@@   .  @@@@@      `-
      /@@@  @@@@@@@@@@@   @@@@@@@   .    \
    ./    o @@@@@@@@@@@   @@@@@@@       . \
   /@@  o   @@@@@@@@@@@.   @@@@@@@   O      
  /@@@@   .   @@@@@@@o    @@@@@@@@@@     @@@ 
  |@@@@@               . @@@@@@@@@@@@@ o @@@@|
 /@@@@@  O  `.-./  .      @@@@@@@@@@@@    @@     Full Moon +    
 | @@@@    --`-'       o     @@@@@@@@ @@@@       1  3:58:39
 |@ @@@        `    o      .  @@   . @@@@@@@     Last Quarter - 
 |       @@  @         .-.     @@@   @@@@@@@     6 16:15:33
 \  . @        @@@     `-'   . @@@@   @@@@  o 
  |      @@   @@@@@ .           @@   .       |
  \     @@@@  @\@@    /  .  O    .     o   . 
   \  o  @@     \ \  /         .    .       
    `\     .    .\.-.___   .      .   .-. /
      \           `-'                `-' /
       `-.   o   / |     o    O   .   .-
          `-.   /     .       .    .-'
             `--.       .      .--'
                 `------------'
(continue)
[10-Mar-24 20:41:10  pizzapal            pizzapal                 indianapolis]
% i'm guix-curious (i use guile for a lot of things already) but never had much luck running the package manager alone on debian and haven't gotten to install guix system yet
 -=-=-=-=-=-=-=-=-=-=-=-=-=-=-=-=-=-=-=-=-=-=-=-=-=-=-=-=-=-=-=-=-=-=-=-=-=-=-
[12-Mar-24 23:55:30 lycanthropene       axonohydrolia                  outer space]
% Casino owners don't want you to know this one special trick…
 -=-=-=-=-=-=-=-=-=-=-=-=-=-=-=-=-=-=-=-=-=-=-=-=-=-=-=-=-=-=-=-=-=-=-=-=-=-=-
[16-Mar-24 14:56:52    lohang              LohanG                    Sri Lanka]
% Happy weekend SDF :)
 -=-=-=-=-=-=-=-=-=-=-=-=-=-=-=-=-=-=-=-=-=-=-=-=-=-=-=-=-=-=-=-=-=-=-=-=-=-=-
[17-Mar-24 00:29:41    neural              neural                        Italy]
% Saying hello from Italy! ;)
 -=-=-=-=-=-=-=-=-=-=-=-=-=-=-=-=-=-=-=-=-=-=-=-=-=-=-=-=-=-=-=-=-=-=-=-=-=-=-
[17-Mar-24 01:59:32        tf                 Tom                  Connecticut]
% Ciao!
 -=-=-=-=-=-=-=-=-=-=-=-=-=-=-=-=-=-=-=-=-=-=-=-=-=-=-=-=-=-=-=-=-=-=-=-=-=-=-
[18-Mar-24 03:26:29 rodiongork              Rodion                    st-Pete's]
% From Italy? L'Italiano vero? or guesting there? drop a message at bboard!
 -=-=-=-=-=-=-=-=-=-=-=-=-=-=-=-=-=-=-=-=-=-=-=-=-=-=-=-=-=-=-=-=-=-=-=-=-=-=-
[19-Mar-24 20:56:14  amedrado       Adler Medrado            Sao Paulo, Brazil]
% Hello friends.
 -=-=-=-=-=-=-=-=-=-=-=-=-=-=-=-=-=-=-=-=-=-=-=-=-=-=-=-=-=-=-=-=-=-=-=-=-=-=-
[20-Mar-24 07:10:17 burgertron               Grant                   Denton, TX]
% Checking in again, what's up gamers?
 -=-=-=-=-=-=-=-=-=-=-=-=-=-=-=-=-=-=-=-=-=-=-=-=-=-=-=-=-=-=-=-=-=-=-=-=-=-=-
[20-Mar-24 14:05:53  somedude            somedude                Flin Flon, MB]
% Been playing cataclysmdda again. Having a blast.
 -=-=-=-=-=-=-=-=-=-=-=-=-=-=-=-=-=-=-=-=-=-=-=-=-=-=-=-=-=-=-=-=-=-=-=-=-=-=-
[20-Mar-24 21:25:46     kosan               Kosan                      Germany]
% Wishing a happy Newroz to those who celebrate it! ^^
 -=-=-=-=-=-=-=-=-=-=-=-=-=-=-=-=-=-=-=-=-=-=-=-=-=-=-=-=-=-=-=-=-=-=-=-=-=-=-
[22-Mar-24 05:36:16     sh0rk               sh0rk            GA, United States]
% hey guys, im new to doing unix and stuff but this is really cool and i like using it! how yall doing?
 -=-=-=-=-=-=-=-=-=-=-=-=-=-=-=-=-=-=-=-=-=-=-=-=-=-=-=-=-=-=-=-=-=-=-=-=-=-=-
[22-Mar-24 11:31:20 rodiongork              Rodion                    St-Pete's]
% Hi Sh0rk, we are fine, thanks, don't miss "bboard" and feel free to tell more about how you come here :)
 -=-=-=-=-=-=-=-=-=-=-=-=-=-=-=-=-=-=-=-=-=-=-=-=-=-=-=-=-=-=-=-=-=-=-=-=-=-=-
[22-mar-24 13:22:19     peron         Juan Perón             Puerta de Hierro]
% The PSU may get energized, but the real power grows out from the Ethernet port.
 -=-=-=-=-=-=-=-=-=-=-=-=-=-=-=-=-=-=-=-=-=-=-=-=-=-=-=-=-=-=-=-=-=-=-=-=-=-=-
[22-Mar-24 17:13:26 naterator           naterator               Frisco, TX, US]
% Hi from Frisco! Thanks for being awesome, SDF!
 -=-=-=-=-=-=-=-=-=-=-=-=-=-=-=-=-=-=-=-=-=-=-=-=-=-=-=-=-=-=-=-=-=-=-=-=-=-=-
[23-Mar-24 13:47:00  claudiom            ClaudioM           Homestead, FL, USA]
% WelCOM, sh0rk! Be sure to hop on COM as well and say hi in the aNONradio room! o/
 -=-=-=-=-=-=-=-=-=-=-=-=-=-=-=-=-=-=-=-=-=-=-=-=-=-=-=-=-=-=-=-=-=-=-=-=-=-=-
[25-Mar-24 18:17:35 lycanthropene          weretomato                    NERV Alba]
% Everyone gets hugged and turns into Irn-Bru.
 -=-=-=-=-=-=-=-=-=-=-=-=-=-=-=-=-=-=-=-=-=-=-=-=-=-=-=-=-=-=-=-=-=-=-=-=-=-=-
[26-Mar-24 08:52:49 tusharhero          tusharhero                             ]
% Hey guys, checkout my new blog https://tusharhero.codeberg.page/ Any feedback would be appreciated ^^
7735 guestbook entries.

Type 'help' for Commands.
Type 'com' to chat with other users.
Type 'ttytter' to listen to Twitter Tweets anonymously.
Type 'mud' to play the SDFmud.
Type 'mkhomepg' to set up your personal website.

Did you know you can become a permanent LIFETIME member of SDF
by making a onetime donation of $36?  Type 'arpa' for more info!

rie:/sdf/udd/s/sujoysarkar> ls                                  
.          ..         .cshrc     .history   .login     .logout    .shrc      .signature abc        c4         dir1       dir2
rie:/sdf/udd/s/sujoysarkar> 





chmod





 chmod a=w month.txt
user@kokila:~$ chmod u+x month.txt
user@kokila:~$ chmod u-w grepFile.txt
user@kokila:~$ ls -lrt
total 164
drwxr-xr-x  2 user user  4096 Mar 16  2022  Templates
drwxr-xr-x  2 user user  4096 Mar 16  2022  Public
lrwxrwxrwx  1 user user    36 Jan 16  2023 "PlayOnLinux's virtual drives" -> /home/user/.PlayOnLinux//wineprefix/
drwxrwxr-x  5 user user  4096 Jan 17  2023  illustratorCClinux
drwxr-xr-x  2 user user  4096 Feb 12  2023 'ROUND 1'
drwxrwxr-x  2 user user  4096 Jul  4  2023  practicedata
-rwxrwxr-x  1 user user 15960 Aug  4  2023  a.out
drwx------  6 user user  4096 Nov  1 11:02  snap
-rw-rw-r--  1 user user   986 Dec  7 09:40  flower.class
-rw-rw-r--  1 user user   987 Dec  7 09:40  lilly.class
-rw-rw-r--  1 user user   596 Dec  7 09:53  Test.java
-rw-rw-r--  1 user user   395 Dec  7 09:53  sample.class
drwxr-xr-x  2 user user  4096 Dec 26 16:12  Desktop
-rw-rw-r--  1 user user   601 Dec 31 17:45  sampleinheritance.java
-rw-rw-r--  1 user user   535 Jan  3 19:29  Test.class
-rw-rw-r--  1 user user   295 Jan  3 19:30  finalkey.java
-rw-rw-r--  1 user user 19826 Jan 26 16:52  practicedbms
-rw-rw-r--  1 user user  1178 Mar  3 17:13  student.class
-rw-rw-r--  1 user user   479 Mar  3 17:13  Test1.class
-rw-rw-r--  1 user user   676 Mar  3 17:13  Test1.java
drwxr-xr-x 14 user user  4096 Mar  9 20:41  Pictures
drwxr-xr-x 15 user user  4096 Mar 11 19:52  Videos
drwxr-xr-x  3 user user  4096 Mar 14 09:45  Music
-rw-rw-r--  1 user user   395 Mar 19 14:59  rose.class
drwxr-xr-x 10 user user 12288 Mar 19 15:01  Downloads
-rw-rw-r--  1 user user    34 Mar 19 15:03  file
drwxr-xr-x  7 user user  4096 Mar 19 15:18  Documents
-rw-rw-r--  1 user user    19 Mar 19 15:23  kokila
-rw-rw-r--  1 user user     0 Mar 26 10:25  actorstomorrow.txt
-r--rw-r--  1 user user    46 Mar 26 14:25  grepFile.txt
-r--r--r--  1 user user    27 Mar 26 14:48  month
--wx-w--w-  1 user user    27 Mar 26 14:51  month.txt
-rw-rw-r--  1 user user    80 Mar 26 15:16  employee.txt
drwxrwxr-x  2 user user  4096 Mar 26 16:31  python
--w--w--w-  1 user user     0 Mar 26 16:35  awkfile1.txt
user@kokila:~$ 
\



cat>month1.txt
kokileh
hfyfg
user@kokila:~$ chmod a=w month1.txt
user@kokila:~$ chmod u+w month1.txt
user@kokila:~$ ls -lrt
total 168
drwxr-xr-x  2 user user  4096 Mar 16  2022  Templates
drwxr-xr-x  2 user user  4096 Mar 16  2022  Public
lrwxrwxrwx  1 user user    36 Jan 16  2023 "PlayOnLinux's virtual drives" -> /home/user/.PlayOnLinux//wineprefix/
drwxrwxr-x  5 user user  4096 Jan 17  2023  illustratorCClinux
drwxr-xr-x  2 user user  4096 Feb 12  2023 'ROUND 1'
drwxrwxr-x  2 user user  4096 Jul  4  2023  practicedata
-rwxrwxr-x  1 user user 15960 Aug  4  2023  a.out
drwx------  6 user user  4096 Nov  1 11:02  snap
-rw-rw-r--  1 user user   986 Dec  7 09:40  flower.class
-rw-rw-r--  1 user user   987 Dec  7 09:40  lilly.class
-rw-rw-r--  1 user user   596 Dec  7 09:53  Test.java
-rw-rw-r--  1 user user   395 Dec  7 09:53  sample.class
drwxr-xr-x  2 user user  4096 Dec 26 16:12  Desktop
-rw-rw-r--  1 user user   601 Dec 31 17:45  sampleinheritance.java
-rw-rw-r--  1 user user   535 Jan  3 19:29  Test.class
-rw-rw-r--  1 user user   295 Jan  3 19:30  finalkey.java
-rw-rw-r--  1 user user 19826 Jan 26 16:52  practicedbms
-rw-rw-r--  1 user user  1178 Mar  3 17:13  student.class
-rw-rw-r--  1 user user   479 Mar  3 17:13  Test1.class
-rw-rw-r--  1 user user   676 Mar  3 17:13  Test1.java
drwxr-xr-x 14 user user  4096 Mar  9 20:41  Pictures
drwxr-xr-x 15 user user  4096 Mar 11 19:52  Videos
drwxr-xr-x  3 user user  4096 Mar 14 09:45  Music
-rw-rw-r--  1 user user   395 Mar 19 14:59  rose.class
drwxr-xr-x 10 user user 12288 Mar 19 15:01  Downloads
-rw-rw-r--  1 user user    34 Mar 19 15:03  file
drwxr-xr-x  7 user user  4096 Mar 19 15:18  Documents
-rw-rw-r--  1 user user    19 Mar 19 15:23  kokila
-rw-rw-r--  1 user user     0 Mar 26 10:25  actorstomorrow.txt
-r--rw-r--  1 user user    46 Mar 26 14:25  grepFile.txt
-r--r--r--  1 user user    27 Mar 26 14:48  month
--wx-w--w-  1 user user    27 Mar 26 14:51  month.txt
-rw-rw-r--  1 user user    80 Mar 26 15:16  employee.txt
--w--w--w-  1 user user     0 Mar 26 16:35  awkfile1.txt
--w--w--w-  1 user user    14 Mar 26 16:46  month1.txt
drwxrwxr-x  2 user user  4096 Mar 26 16:47  python
user@kokila:~$ 










